
> aselea@1.0.0 build
> tsc -b && vite build

src/components/ui/calendar.tsx(45,9): error TS2353: Object literal may only specify known properties, and 'IconLeft' does not exist in type 'Partial<CustomComponents>'.
src/components/ui/chart.tsx(106,7): error TS2339: Property 'payload' does not exist on type 'Omit<Omit<Props<ValueType, NameType>, PropertiesReadFromContext> & { active?: boolean; allowEscapeViewBox?: AllowInDimension; ... 24 more ...; wrapperStyle?: CSSProperties; } & ClassAttributes<...> & HTMLAttributes<...> & { ...; }, "ref">'.
src/components/ui/chart.tsx(111,7): error TS2339: Property 'label' does not exist on type 'Omit<Omit<Props<ValueType, NameType>, PropertiesReadFromContext> & { active?: boolean; allowEscapeViewBox?: AllowInDimension; ... 24 more ...; wrapperStyle?: CSSProperties; } & ClassAttributes<...> & HTMLAttributes<...> & { ...; }, "ref">'.
src/components/ui/chart.tsx(233,41): error TS2344: Type '"verticalAlign" | "payload"' does not satisfy the constraint '"string" | "filter" | "fill" | "values" | "slot" | "style" | "clipPath" | "mask" | "path" | "id" | "className" | "offset" | "key" | "type" | "suppressHydrationWarning" | "lang" | ... 434 more ... | "onBBoxUpdate"'.
  Type '"payload"' is not assignable to type '"string" | "filter" | "fill" | "values" | "slot" | "style" | "clipPath" | "mask" | "path" | "id" | "className" | "offset" | "key" | "type" | "suppressHydrationWarning" | "lang" | ... 434 more ... | "onBBoxUpdate"'.
src/components/ui/chart.tsx(240,17): error TS2339: Property 'length' does not exist on type 'unknown'.
src/components/ui/chart.tsx(249,16): error TS2339: Property 'map' does not exist on type 'unknown'.
src/components/ui/resizable.tsx(6,102): error TS2339: Property 'PanelGroup' does not exist on type 'typeof import("C:/Users/Testing/OneDrive/Desktop/aselea/nebula-gateway/node_modules/react-resizable-panels/dist/react-resizable-panels")'.
src/components/ui/resizable.tsx(7,23): error TS2339: Property 'PanelGroup' does not exist on type 'typeof import("C:/Users/Testing/OneDrive/Desktop/aselea/nebula-gateway/node_modules/react-resizable-panels/dist/react-resizable-panels")'.
src/components/ui/resizable.tsx(19,51): error TS2339: Property 'PanelResizeHandle' does not exist on type 'typeof import("C:/Users/Testing/OneDrive/Desktop/aselea/nebula-gateway/node_modules/react-resizable-panels/dist/react-resizable-panels")'.
src/components/ui/resizable.tsx(22,23): error TS2339: Property 'PanelResizeHandle' does not exist on type 'typeof import("C:/Users/Testing/OneDrive/Desktop/aselea/nebula-gateway/node_modules/react-resizable-panels/dist/react-resizable-panels")'.
src/components/ui/resizable.tsx(34,24): error TS2339: Property 'PanelResizeHandle' does not exist on type 'typeof import("C:/Users/Testing/OneDrive/Desktop/aselea/nebula-gateway/node_modules/react-resizable-panels/dist/react-resizable-panels")'.
